// Jest Snapshot v1, https://goo.gl/fbAQLP

exports[`Orders should match the snapshot with the data passed in 1`] = `
<section>
  <div
    className="order"
  >
    <h3>
      Robbie
    </h3>
    <ul
      className="ingredient-list"
    >
      <li>
        stuff1
      </li>
      <li>
        stuff2
      </li>
    </ul>
  </div>
  <div
    className="order"
  >
    <h3>
      Travis
    </h3>
    <ul
      className="ingredient-list"
    >
      <li>
        stuff3
      </li>
      <li>
        stuff4
      </li>
    </ul>
  </div>
</section>
`;
